******************************************************************************
             TMS320C2000 Linker PC v6.1.3                      
******************************************************************************
>> Linked Thu Jul 24 08:38:12 2014

OUTPUT FILE NAME:   <F28027_EXAMPLE.out>
ENTRY POINT SYMBOL: "_c_int00"  address: 000085d0


MEMORY CONFIGURATION

         name            origin    length      used     unused   attr    fill
----------------------  --------  ---------  --------  --------  ----  --------
PAGE 0:
  BEGIN                 00000000   00000002  00000002  00000000  RWIX
  RAMM0                 00000050   000003b0  00000037  00000379  RWIX
  PRAML0                00008000   00000900  000007df  00000121  RWIX
  IQTABLES              003fe000   00000b50  00000000  00000b50  RWIX
  IQTABLES2             003feb50   0000008c  00000000  0000008c  RWIX
  IQTABLES3             003febdc   000000aa  00000000  000000aa  RWIX
  BOOTROM               003ff27c   00000d44  00000000  00000d44  RWIX
  RESET                 003fffc0   00000002  00000000  00000002  RWIX

PAGE 1:
  BOOT_RSVD             00000002   0000004e  00000000  0000004e  RWIX
  RAMM1                 00000400   00000400  00000300  00000100  RWIX
  DEV_EMU               00000880   00000105  00000004  00000101  RWIX
  SYS_PWR_CTL           00000985   00000003  00000003  00000000  RWIX
  FLASH_REGS            00000a80   00000060  00000008  00000058  RWIX
  CSM                   00000ae0   00000010  00000010  00000000  RWIX
  ADC_RESULT            00000b00   00000020  00000020  00000000  RWIX
  CPU_TIMER0            00000c00   00000008  00000008  00000000  RWIX
  CPU_TIMER1            00000c08   00000008  00000008  00000000  RWIX
  CPU_TIMER2            00000c10   00000008  00000008  00000000  RWIX
  PIE_CTRL              00000ce0   00000020  0000001a  00000006  RWIX
  PIE_VECT              00000d00   00000100  00000100  00000000  RWIX
  COMP1                 00006400   00000020  00000011  0000000f  RWIX
  COMP2                 00006420   00000020  00000011  0000000f  RWIX
  EPWM1                 00006800   00000040  00000040  00000000  RWIX
  EPWM2                 00006840   00000040  00000040  00000000  RWIX
  EPWM3                 00006880   00000040  00000040  00000000  RWIX
  EPWM4                 000068c0   00000040  00000040  00000000  RWIX
  ECAP1                 00006a00   00000020  00000020  00000000  RWIX
  GPIOCTRL              00006f80   00000040  00000040  00000000  RWIX
  GPIODAT               00006fc0   00000020  00000020  00000000  RWIX
  GPIOINT               00006fe0   00000020  0000000a  00000016  RWIX
  SYSTEM                00007010   00000020  0000001f  00000001  RWIX
  SPIA                  00007040   00000010  00000010  00000000  RWIX
  SCIA                  00007050   00000010  00000010  00000000  RWIX
  NMIINTRUPT            00007060   00000010  00000010  00000000  RWIX
  XINTRUPT              00007070   00000010  00000010  00000000  RWIX
  ADC                   00007100   00000080  00000051  0000002f  RWIX
  I2CA                  00007900   00000040  00000022  0000001e  RWIX
  DRAML0                00008900   00000700  00000120  000005e0  RWIX
  PARTID                003d7fff   00000001  00000001  00000000  RWIX
  CSM_PWL               003f7ff8   00000008  00000008  00000000  RWIX


SECTION ALLOCATION MAP

 output                                  attributes/
section   page    origin      length       input sections
--------  ----  ----------  ----------   ----------------
codestart 
*          0    00000000    00000002     
                  00000000    00000002     F2802x_CodeStartBranch.obj (codestart)

.pinit     0    00000050    00000000     UNINITIALIZED

ramfuncs   0    00000050    00000021     
                  00000050    0000001d     F2802x_SysCtrl.obj (ramfuncs)
                  0000006d    00000004     F2802x_usDelay.obj (ramfuncs)

.cinit     0    00000071    00000016     
                  00000071    0000000a     rts2800_ml.lib : _lock.obj (.cinit)
                  0000007b    0000000a                    : exit.obj (.cinit)
                  00000085    00000002     --HOLE-- [fill = 0]

.text      0    00008000    000007df     
                  00008000    000001c6     F2802x_Adc.obj (.text)
                  000081c6    0000012d     F2802x_SysCtrl.obj (.text)
                  000082f3    000000ff     F2802x_DefaultIsr.obj (.text:retain)
                  000083f2    0000009c     F2802x_EPwm.obj (.text)
                  0000848e    00000086     F2802x_OscComp.obj (.text)
                  00008514    00000062     F2802x_CpuTimers.obj (.text)
                  00008576    0000005a     rts2800_ml.lib : fs_mpy.obj (.text)
                  000085d0    00000044                    : boot.obj (.text)
                  00008614    00000038     F2802x_Comp.obj (.text)
                  0000864c    00000038     F2802x_TempSensorConv.obj (.text)
                  00008684    0000002c     F2802x_Spi.obj (.text)
                  000086b0    00000029     rts2800_ml.lib : fs_tol.obj (.text)
                  000086d9    00000028     F2802x_PieCtrl.obj (.text)
                  00008701    0000001e     F2802x_I2C.obj (.text)
                  0000871f    0000001c     F2802x_Sci.obj (.text)
                  0000873b    00000019     rts2800_ml.lib : args_main.obj (.text)
                  00008754    00000019                    : exit.obj (.text)
                  0000876d    00000015     main.obj (.text)
                  00008782    00000013     F2802x_Gpio.obj (.text)
                  00008795    00000011     DSP2802x_MemCopy.obj (.text)
                  000087a6    00000011     F2802x_PieVect.obj (.text)
                  000087b7    00000010     F2802x_ECap.obj (.text)
                  000087c7    00000009     rts2800_ml.lib : _lock.obj (.text)
                  000087d0    00000008     F2802x_CodeStartBranch.obj (.text)
                  000087d8    00000007     F2802x_DisInt.obj (.text)

.reset     0    003fffc0    00000002     DSECT
                  003fffc0    00000002     rts2800_ml.lib : boot.obj (.reset)

.stack     1    00000400    00000300     UNINITIALIZED
                  00000400    00000300     --HOLE--

DevEmuRegsFile 
*          1    00000880    00000004     UNINITIALIZED
                  00000880    00000004     F2802x_GlobalVariableDefs.obj (DevEmuRegsFile)

SysPwrCtrlRegsFile 
*          1    00000985    00000003     UNINITIALIZED
                  00000985    00000003     F2802x_GlobalVariableDefs.obj (SysPwrCtrlRegsFile)

FlashRegsFile 
*          1    00000a80    00000008     UNINITIALIZED
                  00000a80    00000008     F2802x_GlobalVariableDefs.obj (FlashRegsFile)

CsmRegsFile 
*          1    00000ae0    00000010     UNINITIALIZED
                  00000ae0    00000010     F2802x_GlobalVariableDefs.obj (CsmRegsFile)

AdcResultFile 
*          1    00000b00    00000020     UNINITIALIZED
                  00000b00    00000020     F2802x_GlobalVariableDefs.obj (AdcResultFile)

CpuTimer0RegsFile 
*          1    00000c00    00000008     UNINITIALIZED
                  00000c00    00000008     F2802x_GlobalVariableDefs.obj (CpuTimer0RegsFile)

CpuTimer1RegsFile 
*          1    00000c08    00000008     UNINITIALIZED
                  00000c08    00000008     F2802x_GlobalVariableDefs.obj (CpuTimer1RegsFile)

CpuTimer2RegsFile 
*          1    00000c10    00000008     UNINITIALIZED
                  00000c10    00000008     F2802x_GlobalVariableDefs.obj (CpuTimer2RegsFile)

PieCtrlRegsFile 
*          1    00000ce0    0000001a     UNINITIALIZED
                  00000ce0    0000001a     F2802x_GlobalVariableDefs.obj (PieCtrlRegsFile)

PieVectTableFile 
*          1    00000d00    00000100     UNINITIALIZED
                  00000d00    00000100     F2802x_GlobalVariableDefs.obj (PieVectTableFile)

EmuKeyVar 
*          1    00000d00    00000001     UNINITIALIZED
                  00000d00    00000001     F2802x_GlobalVariableDefs.obj (EmuKeyVar)

EmuBModeVar 
*          1    00000d01    00000001     UNINITIALIZED
                  00000d01    00000001     F2802x_GlobalVariableDefs.obj (EmuBModeVar)

FlashCallbackVar 
*          1    00000d02    00000002     UNINITIALIZED
                  00000d02    00000002     F2802x_GlobalVariableDefs.obj (FlashCallbackVar)

FlashScalingVar 
*          1    00000d04    00000002     UNINITIALIZED
                  00000d04    00000002     F2802x_GlobalVariableDefs.obj (FlashScalingVar)

Comp1RegsFile 
*          1    00006400    00000011     UNINITIALIZED
                  00006400    00000011     F2802x_GlobalVariableDefs.obj (Comp1RegsFile)

Comp2RegsFile 
*          1    00006420    00000011     UNINITIALIZED
                  00006420    00000011     F2802x_GlobalVariableDefs.obj (Comp2RegsFile)

EPwm1RegsFile 
*          1    00006800    00000040     UNINITIALIZED
                  00006800    00000040     F2802x_GlobalVariableDefs.obj (EPwm1RegsFile)

EPwm2RegsFile 
*          1    00006840    00000040     UNINITIALIZED
                  00006840    00000040     F2802x_GlobalVariableDefs.obj (EPwm2RegsFile)

EPwm3RegsFile 
*          1    00006880    00000040     UNINITIALIZED
                  00006880    00000040     F2802x_GlobalVariableDefs.obj (EPwm3RegsFile)

EPwm4RegsFile 
*          1    000068c0    00000040     UNINITIALIZED
                  000068c0    00000040     F2802x_GlobalVariableDefs.obj (EPwm4RegsFile)

ECap1RegsFile 
*          1    00006a00    00000020     UNINITIALIZED
                  00006a00    00000020     F2802x_GlobalVariableDefs.obj (ECap1RegsFile)

GpioCtrlRegsFile 
*          1    00006f80    00000040     UNINITIALIZED
                  00006f80    00000040     F2802x_GlobalVariableDefs.obj (GpioCtrlRegsFile)

GpioDataRegsFile 
*          1    00006fc0    00000020     UNINITIALIZED
                  00006fc0    00000020     F2802x_GlobalVariableDefs.obj (GpioDataRegsFile)

GpioIntRegsFile 
*          1    00006fe0    0000000a     UNINITIALIZED
                  00006fe0    0000000a     F2802x_GlobalVariableDefs.obj (GpioIntRegsFile)

SysCtrlRegsFile 
*          1    00007010    0000001f     UNINITIALIZED
                  00007010    0000001f     F2802x_GlobalVariableDefs.obj (SysCtrlRegsFile)

SpiaRegsFile 
*          1    00007040    00000010     UNINITIALIZED
                  00007040    00000010     F2802x_GlobalVariableDefs.obj (SpiaRegsFile)

SciaRegsFile 
*          1    00007050    00000010     UNINITIALIZED
                  00007050    00000010     F2802x_GlobalVariableDefs.obj (SciaRegsFile)

NmiIntruptRegsFile 
*          1    00007060    00000010     UNINITIALIZED
                  00007060    00000010     F2802x_GlobalVariableDefs.obj (NmiIntruptRegsFile)

XIntruptRegsFile 
*          1    00007070    00000010     UNINITIALIZED
                  00007070    00000010     F2802x_GlobalVariableDefs.obj (XIntruptRegsFile)

AdcRegsFile 
*          1    00007100    00000051     UNINITIALIZED
                  00007100    00000051     F2802x_GlobalVariableDefs.obj (AdcRegsFile)

I2caRegsFile 
*          1    00007900    00000022     UNINITIALIZED
                  00007900    00000022     F2802x_GlobalVariableDefs.obj (I2caRegsFile)

.econst    1    00008900    00000100     
                  00008900    00000100     F2802x_PieVect.obj (.econst)

.ebss      1    00008a00    00000020     UNINITIALIZED
                  00008a00    00000018     F2802x_CpuTimers.obj (.ebss)
                  00008a18    00000004     rts2800_ml.lib : _lock.obj (.ebss)
                  00008a1c    00000004                    : exit.obj (.ebss)

PartIdRegsFile 
*          1    003d7fff    00000001     UNINITIALIZED
                  003d7fff    00000001     F2802x_GlobalVariableDefs.obj (PartIdRegsFile)

CsmPwlFile 
*          1    003f7ff8    00000008     UNINITIALIZED
                  003f7ff8    00000008     F2802x_GlobalVariableDefs.obj (CsmPwlFile)


GLOBAL SYMBOLS: SORTED ALPHABETICALLY BY Name 

address    name
--------   ----
00008000   .text
00008754   C$$EXIT
00008576   FS$$MPY
000086b0   FS$$TOL
000083ed   _ADCINT1_ISR
000083e8   _ADCINT2_ISR
000083e3   _ADCINT3_ISR
000083de   _ADCINT4_ISR
000083d9   _ADCINT5_ISR
000083d4   _ADCINT6_ISR
000083cf   _ADCINT7_ISR
000083ca   _ADCINT8_ISR
000083c5   _ADCINT9_ISR
00008061   _AdcChanSelect
000080b9   _AdcConversion
000081a1   _AdcOffsetSelfCal
00007100   _AdcRegs
00000b00   _AdcResult
00006400   _Comp1Regs
00006420   _Comp2Regs
00008044   _ConfigAdc
00008551   _ConfigCpuTimer
00008a10   _CpuTimer0
00000c00   _CpuTimer0Regs
00008a00   _CpuTimer1
00000c08   _CpuTimer1Regs
00008a08   _CpuTimer2
00000c10   _CpuTimer2Regs
003f7ff8   _CsmPwl
00000ae0   _CsmRegs
000082c5   _CsmUnlock
000083c0   _DATALOG_ISR
000087d8   _DSP28x_DisableInt
000087dc   _DSP28x_RestoreInt
0000006d   _DSP28x_usDelay
00000880   _DevEmuRegs
00008206   _DisableDog
000083bb   _ECAP1_INT_ISR
00006a00   _ECap1Regs
000083b6   _EMPTY_ISR
000083b1   _EMUINT_ISR
000083ac   _EPWM1_INT_ISR
000083a7   _EPWM1_TZINT_ISR
000083a2   _EPWM2_INT_ISR
0000839d   _EPWM2_TZINT_ISR
00008398   _EPWM3_INT_ISR
00008393   _EPWM3_TZINT_ISR
0000838e   _EPWM4_INT_ISR
00008389   _EPWM4_TZINT_ISR
00006800   _EPwm1Regs
00006840   _EPwm2Regs
00006880   _EPwm3Regs
000068c0   _EPwm4Regs
00000d01   _EmuBMode
00000d00   _EmuKey
000086f8   _EnableInterrupts
000082ad   _ExtOscSel
00000a80   _FlashRegs
00000d04   _Flash_CPUScaleFactor
00000d02   _Flash_CallbackPtr
0000848e   _GetOscTrimValue
00008667   _GetTemperatureC
0000864c   _GetTemperatureK
00006f80   _GpioCtrlRegs
00006fc0   _GpioDataRegs
00006fe0   _GpioIntRegs
00008384   _I2CINT1A_ISR
0000837f   _I2CINT2A_ISR
00007900   _I2caRegs
0000837a   _ILLEGAL_ISR
00008375   _INT13_ISR
00008370   _INT14_ISR
00008026   _InitAdc
00008000   _InitAdcAio
0000864b   _InitComp
00008614   _InitComp1Gpio
0000862c   _InitComp2Gpio
00008646   _InitCompGpio
00008514   _InitCpuTimers
000087c6   _InitECap
000087b7   _InitECap1Gpio
000087b7   _InitECapGpio
0000848d   _InitEPwm
00008428   _InitEPwm1Gpio
0000843e   _InitEPwm2Gpio
00008454   _InitEPwm3Gpio
0000846c   _InitEPwm4Gpio
00008484   _InitEPwmGpio
00008414   _InitEPwmSyncGpio
00000050   _InitFlash
00008782   _InitGpio
0000871e   _InitI2C
00008701   _InitI2CGpio
0000825c   _InitPeripheralClocks
000086d9   _InitPieCtrl
000087a6   _InitPieVectTable
0000820e   _InitPll
0000873a   _InitSci
0000871f   _InitSciGpio
0000871f   _InitSciaGpio
000086af   _InitSpi
00008684   _InitSpiGpio
00008684   _InitSpiaGpio
00008295   _InitSysCtrl
000083f2   _InitTzGpio
000081f6   _IntOsc1Sel
000081e4   _IntOsc2Sel
00008795   _MemCopy
0000836b   _NMI_ISR
00007060   _NmiIntruptRegs
000084db   _Osc1Comp
000084a2   _Osc2Comp
00008366   _PIE_RESERVED
003d7fff   _PartIdRegs
00000ce0   _PieCtrlRegs
00000d00   _PieVectTable
00008900   _PieVectTableInit
00008361   _RTOSINT_ISR
0000835c   _SCIRXINTA_ISR
00008357   _SCITXINTA_ISR
00008352   _SPIRXINTA_ISR
0000834d   _SPITXINTA_ISR
00007050   _SciaRegs
000081da   _ServiceDog
00007040   _SpiaRegs
00007010   _SysCtrlRegs
00000985   _SysPwrCtrlRegs
00008348   _TINT0_ISR
00008343   _USER10_ISR
0000833e   _USER11_ISR
00008339   _USER12_ISR
00008334   _USER1_ISR
0000832f   _USER2_ISR
0000832a   _USER3_ISR
00008325   _USER4_ISR
00008320   _USER5_ISR
0000831b   _USER6_ISR
00008316   _USER7_ISR
00008311   _USER8_ISR
0000830c   _USER9_ISR
00008307   _WAKEINT_ISR
00008302   _XINT1_ISR
000082fd   _XINT2_ISR
000082f8   _XINT3_ISR
00007070   _XIntruptRegs
000081c6   _XtalOscSel
00000700   __STACK_END
00000300   __STACK_SIZE
00000001   __TI_args_main
ffffffff   ___binit__
ffffffff   ___c_args__
00000071   ___cinit__
000087df   ___etext__
ffffffff   ___pinit__
00008000   ___text__
0000873b   __args_main
00008a1c   __cleanup_ptr
00008a1e   __dtors_ptr
00008a1a   __lock
000087cf   __nop
000087cb   __register_lock
000087c7   __register_unlock
00000400   __stack
00008a18   __unlock
00008754   _abort
000085d0   _c_int00
00008756   _exit
0000876d   _main
000082f3   _rsvd_ISR
ffffffff   binit
00000071   cinit
00000000   code_start
000087df   etext
ffffffff   pinit


GLOBAL SYMBOLS: SORTED BY Symbol Address 

address    name
--------   ----
00000000   code_start
00000001   __TI_args_main
00000050   _InitFlash
0000006d   _DSP28x_usDelay
00000071   ___cinit__
00000071   cinit
00000300   __STACK_SIZE
00000400   __stack
00000700   __STACK_END
00000880   _DevEmuRegs
00000985   _SysPwrCtrlRegs
00000a80   _FlashRegs
00000ae0   _CsmRegs
00000b00   _AdcResult
00000c00   _CpuTimer0Regs
00000c08   _CpuTimer1Regs
00000c10   _CpuTimer2Regs
00000ce0   _PieCtrlRegs
00000d00   _EmuKey
00000d00   _PieVectTable
00000d01   _EmuBMode
00000d02   _Flash_CallbackPtr
00000d04   _Flash_CPUScaleFactor
00006400   _Comp1Regs
00006420   _Comp2Regs
00006800   _EPwm1Regs
00006840   _EPwm2Regs
00006880   _EPwm3Regs
000068c0   _EPwm4Regs
00006a00   _ECap1Regs
00006f80   _GpioCtrlRegs
00006fc0   _GpioDataRegs
00006fe0   _GpioIntRegs
00007010   _SysCtrlRegs
00007040   _SpiaRegs
00007050   _SciaRegs
00007060   _NmiIntruptRegs
00007070   _XIntruptRegs
00007100   _AdcRegs
00007900   _I2caRegs
00008000   .text
00008000   _InitAdcAio
00008000   ___text__
00008026   _InitAdc
00008044   _ConfigAdc
00008061   _AdcChanSelect
000080b9   _AdcConversion
000081a1   _AdcOffsetSelfCal
000081c6   _XtalOscSel
000081da   _ServiceDog
000081e4   _IntOsc2Sel
000081f6   _IntOsc1Sel
00008206   _DisableDog
0000820e   _InitPll
0000825c   _InitPeripheralClocks
00008295   _InitSysCtrl
000082ad   _ExtOscSel
000082c5   _CsmUnlock
000082f3   _rsvd_ISR
000082f8   _XINT3_ISR
000082fd   _XINT2_ISR
00008302   _XINT1_ISR
00008307   _WAKEINT_ISR
0000830c   _USER9_ISR
00008311   _USER8_ISR
00008316   _USER7_ISR
0000831b   _USER6_ISR
00008320   _USER5_ISR
00008325   _USER4_ISR
0000832a   _USER3_ISR
0000832f   _USER2_ISR
00008334   _USER1_ISR
00008339   _USER12_ISR
0000833e   _USER11_ISR
00008343   _USER10_ISR
00008348   _TINT0_ISR
0000834d   _SPITXINTA_ISR
00008352   _SPIRXINTA_ISR
00008357   _SCITXINTA_ISR
0000835c   _SCIRXINTA_ISR
00008361   _RTOSINT_ISR
00008366   _PIE_RESERVED
0000836b   _NMI_ISR
00008370   _INT14_ISR
00008375   _INT13_ISR
0000837a   _ILLEGAL_ISR
0000837f   _I2CINT2A_ISR
00008384   _I2CINT1A_ISR
00008389   _EPWM4_TZINT_ISR
0000838e   _EPWM4_INT_ISR
00008393   _EPWM3_TZINT_ISR
00008398   _EPWM3_INT_ISR
0000839d   _EPWM2_TZINT_ISR
000083a2   _EPWM2_INT_ISR
000083a7   _EPWM1_TZINT_ISR
000083ac   _EPWM1_INT_ISR
000083b1   _EMUINT_ISR
000083b6   _EMPTY_ISR
000083bb   _ECAP1_INT_ISR
000083c0   _DATALOG_ISR
000083c5   _ADCINT9_ISR
000083ca   _ADCINT8_ISR
000083cf   _ADCINT7_ISR
000083d4   _ADCINT6_ISR
000083d9   _ADCINT5_ISR
000083de   _ADCINT4_ISR
000083e3   _ADCINT3_ISR
000083e8   _ADCINT2_ISR
000083ed   _ADCINT1_ISR
000083f2   _InitTzGpio
00008414   _InitEPwmSyncGpio
00008428   _InitEPwm1Gpio
0000843e   _InitEPwm2Gpio
00008454   _InitEPwm3Gpio
0000846c   _InitEPwm4Gpio
00008484   _InitEPwmGpio
0000848d   _InitEPwm
0000848e   _GetOscTrimValue
000084a2   _Osc2Comp
000084db   _Osc1Comp
00008514   _InitCpuTimers
00008551   _ConfigCpuTimer
00008576   FS$$MPY
000085d0   _c_int00
00008614   _InitComp1Gpio
0000862c   _InitComp2Gpio
00008646   _InitCompGpio
0000864b   _InitComp
0000864c   _GetTemperatureK
00008667   _GetTemperatureC
00008684   _InitSpiGpio
00008684   _InitSpiaGpio
000086af   _InitSpi
000086b0   FS$$TOL
000086d9   _InitPieCtrl
000086f8   _EnableInterrupts
00008701   _InitI2CGpio
0000871e   _InitI2C
0000871f   _InitSciGpio
0000871f   _InitSciaGpio
0000873a   _InitSci
0000873b   __args_main
00008754   C$$EXIT
00008754   _abort
00008756   _exit
0000876d   _main
00008782   _InitGpio
00008795   _MemCopy
000087a6   _InitPieVectTable
000087b7   _InitECap1Gpio
000087b7   _InitECapGpio
000087c6   _InitECap
000087c7   __register_unlock
000087cb   __register_lock
000087cf   __nop
000087d8   _DSP28x_DisableInt
000087dc   _DSP28x_RestoreInt
000087df   ___etext__
000087df   etext
00008900   _PieVectTableInit
00008a00   _CpuTimer1
00008a08   _CpuTimer2
00008a10   _CpuTimer0
00008a18   __unlock
00008a1a   __lock
00008a1c   __cleanup_ptr
00008a1e   __dtors_ptr
003d7fff   _PartIdRegs
003f7ff8   _CsmPwl
ffffffff   ___binit__
ffffffff   ___c_args__
ffffffff   ___pinit__
ffffffff   binit
ffffffff   pinit

[174 symbols]
