******************************************************************************
             TMS320C2000 Linker PC v6.1.0                      
******************************************************************************
>> Linked Mon Nov 26 14:28:25 2012

OUTPUT FILE NAME:   <F28027.out>
ENTRY POINT SYMBOL: "_c_int00"  address: 003f66d4


MEMORY CONFIGURATION

         name            origin    length      used     unused   attr    fill
----------------------  --------  ---------  --------  --------  ----  --------
PAGE 0:
  PRAML0                00008000   00000800  00000021  000007df  RWIX
  OTP                   003d7800   00000400  00000000  00000400  RWIX
  FLASHD                003f0000   00002000  00000000  00002000  RWIX
  FLASHC                003f2000   00002000  00000000  00002000  RWIX
  FLASHA                003f6000   00001f80  00000904  0000167c  RWIX
  CSM_RSVD              003f7f80   00000076  00000076  00000000  RWIX
  BEGIN                 003f7ff6   00000002  00000002  00000000  RWIX
  CSM_PWL_P0            003f7ff8   00000008  00000008  00000000  RWIX
  IQTABLES              003fe000   00000b50  00000000  00000b50  RWIX
  IQTABLES2             003feb50   0000008c  00000000  0000008c  RWIX
  IQTABLES3             003febdc   000000aa  00000000  000000aa  RWIX
  ROM                   003ff27c   00000d44  00000000  00000d44  RWIX
  RESET                 003fffc0   00000002  00000000  00000002  RWIX
  VECTORS               003fffc2   0000003e  00000000  0000003e  RWIX

PAGE 1:
  BOOT_RSVD             00000000   00000050  00000000  00000050  RWIX
  RAMM0                 00000050   000003b0  00000300  000000b0  RWIX
  RAMM1                 00000400   00000400  00000000  00000400  RWIX
  DEV_EMU               00000880   00000105  00000004  00000101  RWIX
  SYS_PWR_CTL           00000985   00000003  00000003  00000000  RWIX
  FLASH_REGS            00000a80   00000060  00000008  00000058  RWIX
  CSM                   00000ae0   00000010  00000010  00000000  RWIX
  ADC_RESULT            00000b00   00000020  00000020  00000000  RWIX
  CPU_TIMER0            00000c00   00000008  00000008  00000000  RWIX
  CPU_TIMER1            00000c08   00000008  00000008  00000000  RWIX
  CPU_TIMER2            00000c10   00000008  00000008  00000000  RWIX
  PIE_CTRL              00000ce0   00000020  0000001a  00000006  RWIX
  PIE_VECT              00000d00   00000100  00000100  00000000  RWIX
  COMP1                 00006400   00000020  00000011  0000000f  RWIX
  COMP2                 00006420   00000020  00000011  0000000f  RWIX
  EPWM1                 00006800   00000040  00000040  00000000  RWIX
  EPWM2                 00006840   00000040  00000040  00000000  RWIX
  EPWM3                 00006880   00000040  00000040  00000000  RWIX
  EPWM4                 000068c0   00000040  00000040  00000000  RWIX
  ECAP1                 00006a00   00000020  00000020  00000000  RWIX
  GPIOCTRL              00006f80   00000040  00000040  00000000  RWIX
  GPIODAT               00006fc0   00000020  00000020  00000000  RWIX
  GPIOINT               00006fe0   00000020  0000000a  00000016  RWIX
  SYSTEM                00007010   00000020  0000001f  00000001  RWIX
  SPIA                  00007040   00000010  00000010  00000000  RWIX
  SCIA                  00007050   00000010  00000010  00000000  RWIX
  NMIINTRUPT            00007060   00000010  00000010  00000000  RWIX
  XINTRUPT              00007070   00000010  00000010  00000000  RWIX
  ADC                   00007100   00000080  00000051  0000002f  RWIX
  I2CA                  00007900   00000040  00000022  0000001e  RWIX
  DRAML0                00008800   00000800  00000020  000007e0  RWIX
  PARTID                003d7fff   00000001  00000001  00000000  RWIX
  FLASHB                003f4000   00002000  00000000  00002000  RWIX
  CSM_PWL               003f7ff8   00000008  00000008  00000000  RWIX


SECTION ALLOCATION MAP

 output                                  attributes/
section   page    origin      length       input sections
--------  ----  ----------  ----------   ----------------
.pinit     0    003f6000    00000000     UNINITIALIZED

.econst    0    003f6000    00000100     
                  003f6000    00000100     F2802x_PieVect.obj (.econst)

ramfuncs   0    003f6100    00000021     RUN ADDR = 00008000
                  003f6100    0000001d     F2802x_SysCtrl.obj (ramfuncs)
                  003f611d    00000004     F2802x_usDelay.obj (ramfuncs)

.text      0    003f6121    000007cd     
                  003f6121    000001a9     F2802x_Adc.obj (.text)
                  003f62ca    0000012d     F2802x_SysCtrl.obj (.text)
                  003f63f7    000000ff     F2802x_DefaultIsr.obj (.text:retain)
                  003f64f6    0000009c     F2802x_EPwm.obj (.text)
                  003f6592    00000086     F2802x_OscComp.obj (.text)
                  003f6618    00000062     F2802x_CpuTimers.obj (.text)
                  003f667a    0000005a     rts2800_ml.lib : fs_mpy.obj (.text)
                  003f66d4    00000044                    : boot.obj (.text)
                  003f6718    00000038     F2802x_Comp.obj (.text)
                  003f6750    00000038     F2802x_TempSensorConv.obj (.text)
                  003f6788    0000002c     F2802x_Spi.obj (.text)
                  003f67b4    00000029     rts2800_ml.lib : fs_tol.obj (.text)
                  003f67dd    00000028     F2802x_PieCtrl.obj (.text)
                  003f6805    00000020     main.obj (.text)
                  003f6825    0000001e     F2802x_I2C.obj (.text)
                  003f6843    0000001c     F2802x_Sci.obj (.text)
                  003f685f    00000019     rts2800_ml.lib : args_main.obj (.text)
                  003f6878    00000019                    : exit.obj (.text)
                  003f6891    00000013     F2802x_Gpio.obj (.text)
                  003f68a4    00000011     DSP2802x_MemCopy.obj (.text)
                  003f68b5    00000011     F2802x_PieVect.obj (.text)
                  003f68c6    00000010     F2802x_ECap.obj (.text)
                  003f68d6    00000009     rts2800_ml.lib : _lock.obj (.text)
                  003f68df    00000008     F2802x_CodeStartBranch.obj (.text)
                  003f68e7    00000007     F2802x_DisInt.obj (.text)

.cinit     0    003f68ee    00000016     
                  003f68ee    0000000a     rts2800_ml.lib : _lock.obj (.cinit)
                  003f68f8    0000000a                    : exit.obj (.cinit)
                  003f6902    00000002     --HOLE-- [fill = 0]

csm_rsvd   0    003f7f80    00000076     
                  003f7f80    00000076     F2802x_CSMPasswords.obj (csm_rsvd)

codestart 
*          0    003f7ff6    00000002     
                  003f7ff6    00000002     F2802x_CodeStartBranch.obj (codestart)

csmpasswds 
*          0    003f7ff8    00000008     
                  003f7ff8    00000008     F2802x_CSMPasswords.obj (csmpasswds)

.reset     0    003fffc0    00000002     DSECT
                  003fffc0    00000002     rts2800_ml.lib : boot.obj (.reset)

vectors    0    003fffc2    00000000     DSECT

.stack     1    00000050    00000300     UNINITIALIZED
                  00000050    00000300     --HOLE--

DevEmuRegsFile 
*          1    00000880    00000004     UNINITIALIZED
                  00000880    00000004     F2802x_GlobalVariableDefs.obj (DevEmuRegsFile)

SysPwrCtrlRegsFile 
*          1    00000985    00000003     UNINITIALIZED
                  00000985    00000003     F2802x_GlobalVariableDefs.obj (SysPwrCtrlRegsFile)

FlashRegsFile 
*          1    00000a80    00000008     UNINITIALIZED
                  00000a80    00000008     F2802x_GlobalVariableDefs.obj (FlashRegsFile)

CsmRegsFile 
*          1    00000ae0    00000010     UNINITIALIZED
                  00000ae0    00000010     F2802x_GlobalVariableDefs.obj (CsmRegsFile)

AdcResultFile 
*          1    00000b00    00000020     UNINITIALIZED
                  00000b00    00000020     F2802x_GlobalVariableDefs.obj (AdcResultFile)

CpuTimer0RegsFile 
*          1    00000c00    00000008     UNINITIALIZED
                  00000c00    00000008     F2802x_GlobalVariableDefs.obj (CpuTimer0RegsFile)

CpuTimer1RegsFile 
*          1    00000c08    00000008     UNINITIALIZED
                  00000c08    00000008     F2802x_GlobalVariableDefs.obj (CpuTimer1RegsFile)

CpuTimer2RegsFile 
*          1    00000c10    00000008     UNINITIALIZED
                  00000c10    00000008     F2802x_GlobalVariableDefs.obj (CpuTimer2RegsFile)

PieCtrlRegsFile 
*          1    00000ce0    0000001a     UNINITIALIZED
                  00000ce0    0000001a     F2802x_GlobalVariableDefs.obj (PieCtrlRegsFile)

PieVectTableFile 
*          1    00000d00    00000100     UNINITIALIZED
                  00000d00    00000100     F2802x_GlobalVariableDefs.obj (PieVectTableFile)

EmuKeyVar 
*          1    00000d00    00000001     UNINITIALIZED
                  00000d00    00000001     F2802x_GlobalVariableDefs.obj (EmuKeyVar)

EmuBModeVar 
*          1    00000d01    00000001     UNINITIALIZED
                  00000d01    00000001     F2802x_GlobalVariableDefs.obj (EmuBModeVar)

FlashCallbackVar 
*          1    00000d02    00000002     UNINITIALIZED
                  00000d02    00000002     F2802x_GlobalVariableDefs.obj (FlashCallbackVar)

FlashScalingVar 
*          1    00000d04    00000002     UNINITIALIZED
                  00000d04    00000002     F2802x_GlobalVariableDefs.obj (FlashScalingVar)

Comp1RegsFile 
*          1    00006400    00000011     UNINITIALIZED
                  00006400    00000011     F2802x_GlobalVariableDefs.obj (Comp1RegsFile)

Comp2RegsFile 
*          1    00006420    00000011     UNINITIALIZED
                  00006420    00000011     F2802x_GlobalVariableDefs.obj (Comp2RegsFile)

EPwm1RegsFile 
*          1    00006800    00000040     UNINITIALIZED
                  00006800    00000040     F2802x_GlobalVariableDefs.obj (EPwm1RegsFile)

EPwm2RegsFile 
*          1    00006840    00000040     UNINITIALIZED
                  00006840    00000040     F2802x_GlobalVariableDefs.obj (EPwm2RegsFile)

EPwm3RegsFile 
*          1    00006880    00000040     UNINITIALIZED
                  00006880    00000040     F2802x_GlobalVariableDefs.obj (EPwm3RegsFile)

EPwm4RegsFile 
*          1    000068c0    00000040     UNINITIALIZED
                  000068c0    00000040     F2802x_GlobalVariableDefs.obj (EPwm4RegsFile)

ECap1RegsFile 
*          1    00006a00    00000020     UNINITIALIZED
                  00006a00    00000020     F2802x_GlobalVariableDefs.obj (ECap1RegsFile)

GpioCtrlRegsFile 
*          1    00006f80    00000040     UNINITIALIZED
                  00006f80    00000040     F2802x_GlobalVariableDefs.obj (GpioCtrlRegsFile)

GpioDataRegsFile 
*          1    00006fc0    00000020     UNINITIALIZED
                  00006fc0    00000020     F2802x_GlobalVariableDefs.obj (GpioDataRegsFile)

GpioIntRegsFile 
*          1    00006fe0    0000000a     UNINITIALIZED
                  00006fe0    0000000a     F2802x_GlobalVariableDefs.obj (GpioIntRegsFile)

SysCtrlRegsFile 
*          1    00007010    0000001f     UNINITIALIZED
                  00007010    0000001f     F2802x_GlobalVariableDefs.obj (SysCtrlRegsFile)

SpiaRegsFile 
*          1    00007040    00000010     UNINITIALIZED
                  00007040    00000010     F2802x_GlobalVariableDefs.obj (SpiaRegsFile)

SciaRegsFile 
*          1    00007050    00000010     UNINITIALIZED
                  00007050    00000010     F2802x_GlobalVariableDefs.obj (SciaRegsFile)

NmiIntruptRegsFile 
*          1    00007060    00000010     UNINITIALIZED
                  00007060    00000010     F2802x_GlobalVariableDefs.obj (NmiIntruptRegsFile)

XIntruptRegsFile 
*          1    00007070    00000010     UNINITIALIZED
                  00007070    00000010     F2802x_GlobalVariableDefs.obj (XIntruptRegsFile)

AdcRegsFile 
*          1    00007100    00000051     UNINITIALIZED
                  00007100    00000051     F2802x_GlobalVariableDefs.obj (AdcRegsFile)

I2caRegsFile 
*          1    00007900    00000022     UNINITIALIZED
                  00007900    00000022     F2802x_GlobalVariableDefs.obj (I2caRegsFile)

.ebss      1    00008800    00000020     UNINITIALIZED
                  00008800    00000018     F2802x_CpuTimers.obj (.ebss)
                  00008818    00000004     rts2800_ml.lib : _lock.obj (.ebss)
                  0000881c    00000004                    : exit.obj (.ebss)

PartIdRegsFile 
*          1    003d7fff    00000001     UNINITIALIZED
                  003d7fff    00000001     F2802x_GlobalVariableDefs.obj (PartIdRegsFile)

CsmPwlFile 
*          1    003f7ff8    00000008     UNINITIALIZED
                  003f7ff8    00000008     F2802x_GlobalVariableDefs.obj (CsmPwlFile)


GLOBAL SYMBOLS: SORTED ALPHABETICALLY BY Name 

address    name
--------   ----
ffffffff   .text
003f6878   C$$EXIT
003f667a   FS$$MPY
003f67b4   FS$$TOL
003f64f1   _ADCINT1_ISR
003f64ec   _ADCINT2_ISR
003f64e7   _ADCINT3_ISR
003f64e2   _ADCINT4_ISR
003f64dd   _ADCINT5_ISR
003f64d8   _ADCINT6_ISR
003f64d3   _ADCINT7_ISR
003f64ce   _ADCINT8_ISR
003f64c9   _ADCINT9_ISR
003f6165   _AdcChanSelect
003f61bd   _AdcConversion
003f62a5   _AdcOffsetSelfCal
00007100   _AdcRegs
00000b00   _AdcResult
00006400   _Comp1Regs
00006420   _Comp2Regs
003f6655   _ConfigCpuTimer
00008810   _CpuTimer0
00000c00   _CpuTimer0Regs
00008800   _CpuTimer1
00000c08   _CpuTimer1Regs
00008808   _CpuTimer2
00000c10   _CpuTimer2Regs
003f7ff8   _CsmPwl
00000ae0   _CsmRegs
003f63c9   _CsmUnlock
003f64c4   _DATALOG_ISR
003f68e7   _DSP28x_DisableInt
003f68eb   _DSP28x_RestoreInt
0000801d   _DSP28x_usDelay
00000880   _DevEmuRegs
003f630a   _DisableDog
003f64bf   _ECAP1_INT_ISR
00006a00   _ECap1Regs
003f64ba   _EMPTY_ISR
003f64b5   _EMUINT_ISR
003f64b0   _EPWM1_INT_ISR
003f64ab   _EPWM1_TZINT_ISR
003f64a6   _EPWM2_INT_ISR
003f64a1   _EPWM2_TZINT_ISR
003f649c   _EPWM3_INT_ISR
003f6497   _EPWM3_TZINT_ISR
003f6492   _EPWM4_INT_ISR
003f648d   _EPWM4_TZINT_ISR
00006800   _EPwm1Regs
00006840   _EPwm2Regs
00006880   _EPwm3Regs
000068c0   _EPwm4Regs
00000d01   _EmuBMode
00000d00   _EmuKey
003f67fc   _EnableInterrupts
003f63b1   _ExtOscSel
00000a80   _FlashRegs
00000d04   _Flash_CPUScaleFactor
00000d02   _Flash_CallbackPtr
003f6592   _GetOscTrimValue
003f676b   _GetTemperatureC
003f6750   _GetTemperatureK
00006f80   _GpioCtrlRegs
00006fc0   _GpioDataRegs
00006fe0   _GpioIntRegs
003f6488   _I2CINT1A_ISR
003f6483   _I2CINT2A_ISR
00007900   _I2caRegs
003f647e   _ILLEGAL_ISR
003f6479   _INT13_ISR
003f6474   _INT14_ISR
003f6147   _InitAdc
003f6121   _InitAdcAio
003f674f   _InitComp
003f6718   _InitComp1Gpio
003f6730   _InitComp2Gpio
003f674a   _InitCompGpio
003f6618   _InitCpuTimers
003f68d5   _InitECap
003f68c6   _InitECap1Gpio
003f68c6   _InitECapGpio
003f6591   _InitEPwm
003f652c   _InitEPwm1Gpio
003f6542   _InitEPwm2Gpio
003f6558   _InitEPwm3Gpio
003f6570   _InitEPwm4Gpio
003f6588   _InitEPwmGpio
003f6518   _InitEPwmSyncGpio
00008000   _InitFlash
003f6891   _InitGpio
003f6842   _InitI2C
003f6825   _InitI2CGpio
003f6360   _InitPeripheralClocks
003f67dd   _InitPieCtrl
003f68b5   _InitPieVectTable
003f6312   _InitPll
003f685e   _InitSci
003f6843   _InitSciGpio
003f6843   _InitSciaGpio
003f67b3   _InitSpi
003f6788   _InitSpiGpio
003f6788   _InitSpiaGpio
003f6399   _InitSysCtrl
003f64f6   _InitTzGpio
003f62fa   _IntOsc1Sel
003f62e8   _IntOsc2Sel
003f68a4   _MemCopy
003f646f   _NMI_ISR
00007060   _NmiIntruptRegs
003f65df   _Osc1Comp
003f65a6   _Osc2Comp
003f646a   _PIE_RESERVED
003d7fff   _PartIdRegs
00000ce0   _PieCtrlRegs
00000d00   _PieVectTable
003f6000   _PieVectTableInit
003f6465   _RTOSINT_ISR
003f6121   _RamfuncsLoadEnd
003f6100   _RamfuncsLoadStart
00008000   _RamfuncsRunStart
003f6460   _SCIRXINTA_ISR
003f645b   _SCITXINTA_ISR
003f6456   _SPIRXINTA_ISR
003f6451   _SPITXINTA_ISR
00007050   _SciaRegs
003f62de   _ServiceDog
00007040   _SpiaRegs
00007010   _SysCtrlRegs
00000985   _SysPwrCtrlRegs
003f644c   _TINT0_ISR
003f6447   _USER10_ISR
003f6442   _USER11_ISR
003f643d   _USER12_ISR
003f6438   _USER1_ISR
003f6433   _USER2_ISR
003f642e   _USER3_ISR
003f6429   _USER4_ISR
003f6424   _USER5_ISR
003f641f   _USER6_ISR
003f641a   _USER7_ISR
003f6415   _USER8_ISR
003f6410   _USER9_ISR
003f640b   _WAKEINT_ISR
003f6406   _XINT1_ISR
003f6401   _XINT2_ISR
003f63fc   _XINT3_ISR
00007070   _XIntruptRegs
003f62ca   _XtalOscSel
00000350   __STACK_END
00000300   __STACK_SIZE
00000001   __TI_args_main
ffffffff   ___binit__
ffffffff   ___c_args__
003f68ee   ___cinit__
ffffffff   ___etext__
ffffffff   ___pinit__
ffffffff   ___text__
003f685f   __args_main
0000881c   __cleanup_ptr
0000881e   __dtors_ptr
0000881a   __lock
003f68de   __nop
003f68da   __register_lock
003f68d6   __register_unlock
00000050   __stack
00008818   __unlock
003f6878   _abort
003f66d4   _c_int00
003f687a   _exit
003f6805   _main
003f63f7   _rsvd_ISR
ffffffff   binit
003f68ee   cinit
003f7ff6   code_start
ffffffff   etext
ffffffff   pinit


GLOBAL SYMBOLS: SORTED BY Symbol Address 

address    name
--------   ----
00000001   __TI_args_main
00000050   __stack
00000300   __STACK_SIZE
00000350   __STACK_END
00000880   _DevEmuRegs
00000985   _SysPwrCtrlRegs
00000a80   _FlashRegs
00000ae0   _CsmRegs
00000b00   _AdcResult
00000c00   _CpuTimer0Regs
00000c08   _CpuTimer1Regs
00000c10   _CpuTimer2Regs
00000ce0   _PieCtrlRegs
00000d00   _EmuKey
00000d00   _PieVectTable
00000d01   _EmuBMode
00000d02   _Flash_CallbackPtr
00000d04   _Flash_CPUScaleFactor
00006400   _Comp1Regs
00006420   _Comp2Regs
00006800   _EPwm1Regs
00006840   _EPwm2Regs
00006880   _EPwm3Regs
000068c0   _EPwm4Regs
00006a00   _ECap1Regs
00006f80   _GpioCtrlRegs
00006fc0   _GpioDataRegs
00006fe0   _GpioIntRegs
00007010   _SysCtrlRegs
00007040   _SpiaRegs
00007050   _SciaRegs
00007060   _NmiIntruptRegs
00007070   _XIntruptRegs
00007100   _AdcRegs
00007900   _I2caRegs
00008000   _InitFlash
00008000   _RamfuncsRunStart
0000801d   _DSP28x_usDelay
00008800   _CpuTimer1
00008808   _CpuTimer2
00008810   _CpuTimer0
00008818   __unlock
0000881a   __lock
0000881c   __cleanup_ptr
0000881e   __dtors_ptr
003d7fff   _PartIdRegs
003f6000   _PieVectTableInit
003f6100   _RamfuncsLoadStart
003f6121   _InitAdcAio
003f6121   _RamfuncsLoadEnd
003f6147   _InitAdc
003f6165   _AdcChanSelect
003f61bd   _AdcConversion
003f62a5   _AdcOffsetSelfCal
003f62ca   _XtalOscSel
003f62de   _ServiceDog
003f62e8   _IntOsc2Sel
003f62fa   _IntOsc1Sel
003f630a   _DisableDog
003f6312   _InitPll
003f6360   _InitPeripheralClocks
003f6399   _InitSysCtrl
003f63b1   _ExtOscSel
003f63c9   _CsmUnlock
003f63f7   _rsvd_ISR
003f63fc   _XINT3_ISR
003f6401   _XINT2_ISR
003f6406   _XINT1_ISR
003f640b   _WAKEINT_ISR
003f6410   _USER9_ISR
003f6415   _USER8_ISR
003f641a   _USER7_ISR
003f641f   _USER6_ISR
003f6424   _USER5_ISR
003f6429   _USER4_ISR
003f642e   _USER3_ISR
003f6433   _USER2_ISR
003f6438   _USER1_ISR
003f643d   _USER12_ISR
003f6442   _USER11_ISR
003f6447   _USER10_ISR
003f644c   _TINT0_ISR
003f6451   _SPITXINTA_ISR
003f6456   _SPIRXINTA_ISR
003f645b   _SCITXINTA_ISR
003f6460   _SCIRXINTA_ISR
003f6465   _RTOSINT_ISR
003f646a   _PIE_RESERVED
003f646f   _NMI_ISR
003f6474   _INT14_ISR
003f6479   _INT13_ISR
003f647e   _ILLEGAL_ISR
003f6483   _I2CINT2A_ISR
003f6488   _I2CINT1A_ISR
003f648d   _EPWM4_TZINT_ISR
003f6492   _EPWM4_INT_ISR
003f6497   _EPWM3_TZINT_ISR
003f649c   _EPWM3_INT_ISR
003f64a1   _EPWM2_TZINT_ISR
003f64a6   _EPWM2_INT_ISR
003f64ab   _EPWM1_TZINT_ISR
003f64b0   _EPWM1_INT_ISR
003f64b5   _EMUINT_ISR
003f64ba   _EMPTY_ISR
003f64bf   _ECAP1_INT_ISR
003f64c4   _DATALOG_ISR
003f64c9   _ADCINT9_ISR
003f64ce   _ADCINT8_ISR
003f64d3   _ADCINT7_ISR
003f64d8   _ADCINT6_ISR
003f64dd   _ADCINT5_ISR
003f64e2   _ADCINT4_ISR
003f64e7   _ADCINT3_ISR
003f64ec   _ADCINT2_ISR
003f64f1   _ADCINT1_ISR
003f64f6   _InitTzGpio
003f6518   _InitEPwmSyncGpio
003f652c   _InitEPwm1Gpio
003f6542   _InitEPwm2Gpio
003f6558   _InitEPwm3Gpio
003f6570   _InitEPwm4Gpio
003f6588   _InitEPwmGpio
003f6591   _InitEPwm
003f6592   _GetOscTrimValue
003f65a6   _Osc2Comp
003f65df   _Osc1Comp
003f6618   _InitCpuTimers
003f6655   _ConfigCpuTimer
003f667a   FS$$MPY
003f66d4   _c_int00
003f6718   _InitComp1Gpio
003f6730   _InitComp2Gpio
003f674a   _InitCompGpio
003f674f   _InitComp
003f6750   _GetTemperatureK
003f676b   _GetTemperatureC
003f6788   _InitSpiGpio
003f6788   _InitSpiaGpio
003f67b3   _InitSpi
003f67b4   FS$$TOL
003f67dd   _InitPieCtrl
003f67fc   _EnableInterrupts
003f6805   _main
003f6825   _InitI2CGpio
003f6842   _InitI2C
003f6843   _InitSciGpio
003f6843   _InitSciaGpio
003f685e   _InitSci
003f685f   __args_main
003f6878   C$$EXIT
003f6878   _abort
003f687a   _exit
003f6891   _InitGpio
003f68a4   _MemCopy
003f68b5   _InitPieVectTable
003f68c6   _InitECap1Gpio
003f68c6   _InitECapGpio
003f68d5   _InitECap
003f68d6   __register_unlock
003f68da   __register_lock
003f68de   __nop
003f68e7   _DSP28x_DisableInt
003f68eb   _DSP28x_RestoreInt
003f68ee   ___cinit__
003f68ee   cinit
003f7ff6   code_start
003f7ff8   _CsmPwl
ffffffff   .text
ffffffff   ___binit__
ffffffff   ___c_args__
ffffffff   ___etext__
ffffffff   ___pinit__
ffffffff   ___text__
ffffffff   binit
ffffffff   etext
ffffffff   pinit

[176 symbols]
