******************************************************************************
             TMS320C2000 Linker PC v6.2.5                      
******************************************************************************
>> Linked Mon Jul 28 09:08:21 2014

OUTPUT FILE NAME:   <F28027_5110.out>
ENTRY POINT SYMBOL: "_c_int00"  address: 003f6b02


MEMORY CONFIGURATION

         name            origin    length      used     unused   attr    fill
----------------------  --------  ---------  --------  --------  ----  --------
PAGE 0:
  PRAML0                00008000   00000800  00000021  000007df  RWIX
  OTP                   003d7800   00000400  00000000  00000400  RWIX
  FLASHD                003f0000   00002000  00000000  00002000  RWIX
  FLASHC                003f2000   00002000  00000000  00002000  RWIX
  FLASHA                003f6000   00001f80  00000d71  0000120f  RWIX
  CSM_RSVD              003f7f80   00000076  00000076  00000000  RWIX
  BEGIN                 003f7ff6   00000002  00000002  00000000  RWIX
  CSM_PWL_P0            003f7ff8   00000008  00000008  00000000  RWIX
  IQTABLES              003fe000   00000b50  00000000  00000b50  RWIX
  IQTABLES2             003feb50   0000008c  00000000  0000008c  RWIX
  IQTABLES3             003febdc   000000aa  00000000  000000aa  RWIX
  ROM                   003ff27c   00000d44  00000000  00000d44  RWIX
  RESET                 003fffc0   00000002  00000000  00000002  RWIX
  VECTORS               003fffc2   0000003e  00000000  0000003e  RWIX

PAGE 1:
  BOOT_RSVD             00000000   00000050  00000000  00000050  RWIX
  RAMM0                 00000050   000003b0  00000300  000000b0  RWIX
  RAMM1                 00000400   00000400  00000000  00000400  RWIX
  DEV_EMU               00000880   00000105  00000004  00000101  RWIX
  SYS_PWR_CTL           00000985   00000003  00000003  00000000  RWIX
  FLASH_REGS            00000a80   00000060  00000008  00000058  RWIX
  CSM                   00000ae0   00000010  00000010  00000000  RWIX
  ADC_RESULT            00000b00   00000020  00000020  00000000  RWIX
  CPU_TIMER0            00000c00   00000008  00000008  00000000  RWIX
  CPU_TIMER1            00000c08   00000008  00000008  00000000  RWIX
  CPU_TIMER2            00000c10   00000008  00000008  00000000  RWIX
  PIE_CTRL              00000ce0   00000020  0000001a  00000006  RWIX
  PIE_VECT              00000d00   00000100  00000100  00000000  RWIX
  COMP1                 00006400   00000020  00000011  0000000f  RWIX
  COMP2                 00006420   00000020  00000011  0000000f  RWIX
  EPWM1                 00006800   00000040  00000040  00000000  RWIX
  EPWM2                 00006840   00000040  00000040  00000000  RWIX
  EPWM3                 00006880   00000040  00000040  00000000  RWIX
  EPWM4                 000068c0   00000040  00000040  00000000  RWIX
  ECAP1                 00006a00   00000020  00000020  00000000  RWIX
  GPIOCTRL              00006f80   00000040  00000040  00000000  RWIX
  GPIODAT               00006fc0   00000020  00000020  00000000  RWIX
  GPIOINT               00006fe0   00000020  0000000a  00000016  RWIX
  SYSTEM                00007010   00000020  0000001f  00000001  RWIX
  SPIA                  00007040   00000010  00000010  00000000  RWIX
  SCIA                  00007050   00000010  00000010  00000000  RWIX
  NMIINTRUPT            00007060   00000010  00000010  00000000  RWIX
  XINTRUPT              00007070   00000010  00000010  00000000  RWIX
  ADC                   00007100   00000080  00000051  0000002f  RWIX
  I2CA                  00007900   00000040  00000022  0000001e  RWIX
  DRAML0                00008800   00000800  000000d8  00000728  RWIX
  PARTID                003d7fff   00000001  00000001  00000000  RWIX
  FLASHB                003f4000   00002000  00000000  00002000  RWIX
  CSM_PWL               003f7ff8   00000008  00000008  00000000  RWIX


SECTION ALLOCATION MAP

 output                                  attributes/
section   page    origin      length       input sections
--------  ----  ----------  ----------   ----------------
.pinit     0    003f6000    00000000     UNINITIALIZED

.econst    0    003f6000    000003de     
                  003f6000    00000228     user_5110lib.obj (.econst:_font6x8)
                  003f6228    00000100     F2802x_PieVect.obj (.econst)
                  003f6328    000000a8     user_5110lib.obj (.econst:_HZK)
                  003f63d0    0000000e     main.obj (.econst:.string)

ramfuncs   0    003f63de    00000021     RUN ADDR = 00008000
                  003f63de    0000001d     F2802x_SysCtrl.obj (ramfuncs)
                  003f63fb    00000004     F2802x_usDelay.obj (ramfuncs)

.text      0    003f63ff    000008b7     
                  003f63ff    000001ba     F2802x_Adc.obj (.text)
                  003f65b9    00000130     F2802x_SysCtrl.obj (.text)
                  003f66e9    00000117     user_5110.obj (.text)
                  003f6800    000000ff     F2802x_DefaultIsr.obj (.text:retain)
                  003f68ff    00000083     main.obj (.text)
                  003f6982    00000078     rts2800_ml.lib : fs_add.obj (.text)
                  003f69fa    00000062     F2802x_CpuTimers.obj (.text)
                  003f6a5c    0000005a     rts2800_ml.lib : fs_mpy.obj (.text)
                  003f6ab6    0000004c     main.obj (.text:retain)
                  003f6b02    00000044     rts2800_ml.lib : boot.obj (.text)
                  003f6b46    00000029                    : fs_tol.obj (.text)
                  003f6b6f    00000028     F2802x_PieCtrl.obj (.text)
                  003f6b97    00000025     rts2800_ml.lib : fs_toi.obj (.text)
                  003f6bbc    00000022                    : i_div.obj (.text)
                  003f6bde    0000001c     F2802x_Sci.obj (.text)
                  003f6bfa    0000001b     F2802x_Gpio.obj (.text)
                  003f6c15    0000001a     rts2800_ml.lib : i_tofs.obj (.text)
                  003f6c2f    00000019                    : args_main.obj (.text)
                  003f6c48    00000019                    : exit.obj (.text)
                  003f6c61    00000011     DSP2802x_MemCopy.obj (.text)
                  003f6c72    00000011     F2802x_PieVect.obj (.text)
                  003f6c83    00000010     rts2800_ml.lib : u_tofs.obj (.text)
                  003f6c93    0000000b                    : u_div.obj (.text)
                  003f6c9e    00000009                    : _lock.obj (.text)
                  003f6ca7    00000008     F2802x_CodeStartBranch.obj (.text)
                  003f6caf    00000007     F2802x_DisInt.obj (.text)

.cinit     0    003f6cb6    000000bb     
                  003f6cb6    00000093     user_5110lib.obj (.cinit)
                  003f6d49    00000012     main.obj (.cinit)
                  003f6d5b    0000000a     rts2800_ml.lib : _lock.obj (.cinit)
                  003f6d65    0000000a                    : exit.obj (.cinit)
                  003f6d6f    00000002     --HOLE-- [fill = 0]

csm_rsvd   0    003f7f80    00000076     
                  003f7f80    00000076     F2802x_CSMPasswords.obj (csm_rsvd)

codestart 
*          0    003f7ff6    00000002     
                  003f7ff6    00000002     F2802x_CodeStartBranch.obj (codestart)

csmpasswds 
*          0    003f7ff8    00000008     
                  003f7ff8    00000008     F2802x_CSMPasswords.obj (csmpasswds)

.reset     0    003fffc0    00000002     DSECT
                  003fffc0    00000002     rts2800_ml.lib : boot.obj (.reset)

vectors    0    003fffc2    00000000     DSECT

.stack     1    00000050    00000300     UNINITIALIZED
                  00000050    00000300     --HOLE--

DevEmuRegsFile 
*          1    00000880    00000004     UNINITIALIZED
                  00000880    00000004     F2802x_GlobalVariableDefs.obj (DevEmuRegsFile)

SysPwrCtrlRegsFile 
*          1    00000985    00000003     UNINITIALIZED
                  00000985    00000003     F2802x_GlobalVariableDefs.obj (SysPwrCtrlRegsFile)

FlashRegsFile 
*          1    00000a80    00000008     UNINITIALIZED
                  00000a80    00000008     F2802x_GlobalVariableDefs.obj (FlashRegsFile)

CsmRegsFile 
*          1    00000ae0    00000010     UNINITIALIZED
                  00000ae0    00000010     F2802x_GlobalVariableDefs.obj (CsmRegsFile)

AdcResultFile 
*          1    00000b00    00000020     UNINITIALIZED
                  00000b00    00000020     F2802x_GlobalVariableDefs.obj (AdcResultFile)

CpuTimer0RegsFile 
*          1    00000c00    00000008     UNINITIALIZED
                  00000c00    00000008     F2802x_GlobalVariableDefs.obj (CpuTimer0RegsFile)

CpuTimer1RegsFile 
*          1    00000c08    00000008     UNINITIALIZED
                  00000c08    00000008     F2802x_GlobalVariableDefs.obj (CpuTimer1RegsFile)

CpuTimer2RegsFile 
*          1    00000c10    00000008     UNINITIALIZED
                  00000c10    00000008     F2802x_GlobalVariableDefs.obj (CpuTimer2RegsFile)

PieCtrlRegsFile 
*          1    00000ce0    0000001a     UNINITIALIZED
                  00000ce0    0000001a     F2802x_GlobalVariableDefs.obj (PieCtrlRegsFile)

PieVectTableFile 
*          1    00000d00    00000100     UNINITIALIZED
                  00000d00    00000100     F2802x_GlobalVariableDefs.obj (PieVectTableFile)

EmuKeyVar 
*          1    00000d00    00000001     UNINITIALIZED
                  00000d00    00000001     F2802x_GlobalVariableDefs.obj (EmuKeyVar)

EmuBModeVar 
*          1    00000d01    00000001     UNINITIALIZED
                  00000d01    00000001     F2802x_GlobalVariableDefs.obj (EmuBModeVar)

FlashCallbackVar 
*          1    00000d02    00000002     UNINITIALIZED
                  00000d02    00000002     F2802x_GlobalVariableDefs.obj (FlashCallbackVar)

FlashScalingVar 
*          1    00000d04    00000002     UNINITIALIZED
                  00000d04    00000002     F2802x_GlobalVariableDefs.obj (FlashScalingVar)

Comp1RegsFile 
*          1    00006400    00000011     UNINITIALIZED
                  00006400    00000011     F2802x_GlobalVariableDefs.obj (Comp1RegsFile)

Comp2RegsFile 
*          1    00006420    00000011     UNINITIALIZED
                  00006420    00000011     F2802x_GlobalVariableDefs.obj (Comp2RegsFile)

EPwm1RegsFile 
*          1    00006800    00000040     UNINITIALIZED
                  00006800    00000040     F2802x_GlobalVariableDefs.obj (EPwm1RegsFile)

EPwm2RegsFile 
*          1    00006840    00000040     UNINITIALIZED
                  00006840    00000040     F2802x_GlobalVariableDefs.obj (EPwm2RegsFile)

EPwm3RegsFile 
*          1    00006880    00000040     UNINITIALIZED
                  00006880    00000040     F2802x_GlobalVariableDefs.obj (EPwm3RegsFile)

EPwm4RegsFile 
*          1    000068c0    00000040     UNINITIALIZED
                  000068c0    00000040     F2802x_GlobalVariableDefs.obj (EPwm4RegsFile)

ECap1RegsFile 
*          1    00006a00    00000020     UNINITIALIZED
                  00006a00    00000020     F2802x_GlobalVariableDefs.obj (ECap1RegsFile)

GpioCtrlRegsFile 
*          1    00006f80    00000040     UNINITIALIZED
                  00006f80    00000040     F2802x_GlobalVariableDefs.obj (GpioCtrlRegsFile)

GpioDataRegsFile 
*          1    00006fc0    00000020     UNINITIALIZED
                  00006fc0    00000020     F2802x_GlobalVariableDefs.obj (GpioDataRegsFile)

GpioIntRegsFile 
*          1    00006fe0    0000000a     UNINITIALIZED
                  00006fe0    0000000a     F2802x_GlobalVariableDefs.obj (GpioIntRegsFile)

SysCtrlRegsFile 
*          1    00007010    0000001f     UNINITIALIZED
                  00007010    0000001f     F2802x_GlobalVariableDefs.obj (SysCtrlRegsFile)

SpiaRegsFile 
*          1    00007040    00000010     UNINITIALIZED
                  00007040    00000010     F2802x_GlobalVariableDefs.obj (SpiaRegsFile)

SciaRegsFile 
*          1    00007050    00000010     UNINITIALIZED
                  00007050    00000010     F2802x_GlobalVariableDefs.obj (SciaRegsFile)

NmiIntruptRegsFile 
*          1    00007060    00000010     UNINITIALIZED
                  00007060    00000010     F2802x_GlobalVariableDefs.obj (NmiIntruptRegsFile)

XIntruptRegsFile 
*          1    00007070    00000010     UNINITIALIZED
                  00007070    00000010     F2802x_GlobalVariableDefs.obj (XIntruptRegsFile)

AdcRegsFile 
*          1    00007100    00000051     UNINITIALIZED
                  00007100    00000051     F2802x_GlobalVariableDefs.obj (AdcRegsFile)

I2caRegsFile 
*          1    00007900    00000022     UNINITIALIZED
                  00007900    00000022     F2802x_GlobalVariableDefs.obj (I2caRegsFile)

.ebss      1    00008800    000000d8     UNINITIALIZED
                  00008800    00000090     user_5110lib.obj (.ebss)
                  00008890    00000022     main.obj (.ebss)
                  000088b2    00000004     rts2800_ml.lib : _lock.obj (.ebss)
                  000088b6    00000004                    : exit.obj (.ebss)
                  000088ba    00000006     --HOLE--
                  000088c0    00000018     F2802x_CpuTimers.obj (.ebss)

PartIdRegsFile 
*          1    003d7fff    00000001     UNINITIALIZED
                  003d7fff    00000001     F2802x_GlobalVariableDefs.obj (PartIdRegsFile)

CsmPwlFile 
*          1    003f7ff8    00000008     UNINITIALIZED
                  003f7ff8    00000008     F2802x_GlobalVariableDefs.obj (CsmPwlFile)


GLOBAL DATA SYMBOLS: SORTED BY DATA PAGE

address     data page           name
--------    ----------------    ----
00000050       1 (00000040)     __stack

00000880      22 (00000880)     _DevEmuRegs

00000985      26 (00000980)     _SysPwrCtrlRegs

00000a80      2a (00000a80)     _FlashRegs

00000ae0      2b (00000ac0)     _CsmRegs

00000b00      2c (00000b00)     _AdcResult

00000c00      30 (00000c00)     _CpuTimer0Regs
00000c08      30 (00000c00)     _CpuTimer1Regs
00000c10      30 (00000c00)     _CpuTimer2Regs

00000ce0      33 (00000cc0)     _PieCtrlRegs

00000d00      34 (00000d00)     _EmuKey
00000d00      34 (00000d00)     _PieVectTable
00000d01      34 (00000d00)     _EmuBMode
00000d02      34 (00000d00)     _Flash_CallbackPtr
00000d04      34 (00000d00)     _Flash_CPUScaleFactor

00006400     190 (00006400)     _Comp1Regs
00006420     190 (00006400)     _Comp2Regs

00006800     1a0 (00006800)     _EPwm1Regs

00006840     1a1 (00006840)     _EPwm2Regs

00006880     1a2 (00006880)     _EPwm3Regs

000068c0     1a3 (000068c0)     _EPwm4Regs

00006a00     1a8 (00006a00)     _ECap1Regs

00006f80     1be (00006f80)     _GpioCtrlRegs

00006fc0     1bf (00006fc0)     _GpioDataRegs
00006fe0     1bf (00006fc0)     _GpioIntRegs

00007010     1c0 (00007000)     _SysCtrlRegs

00007040     1c1 (00007040)     _SpiaRegs
00007050     1c1 (00007040)     _SciaRegs
00007060     1c1 (00007040)     _NmiIntruptRegs
00007070     1c1 (00007040)     _XIntruptRegs

00007100     1c4 (00007100)     _AdcRegs

00007900     1e4 (00007900)     _I2caRegs

00008800     220 (00008800)     _AVR_bmp

00008890     222 (00008880)     _voltage
00008892     222 (00008880)     _str
00008894     222 (00008880)     _floatn
0000889e     222 (00008880)     _inta
000088a8     222 (00008880)     _test
000088b2     222 (00008880)     __unlock
000088b4     222 (00008880)     __lock
000088b6     222 (00008880)     ___TI_cleanup_ptr
000088b8     222 (00008880)     ___TI_dtors_ptr

000088c0     223 (000088c0)     _CpuTimer1
000088c8     223 (000088c0)     _CpuTimer2
000088d0     223 (000088c0)     _CpuTimer0

003d7fff    f5ff (003d7fc0)     _PartIdRegs

003f6000    fd80 (003f6000)     _font6x8

003f6228    fd88 (003f6200)     _PieVectTableInit

003f6328    fd8c (003f6300)     _HZK

003f7ff8    fdff (003f7fc0)     _CsmPwl


GLOBAL SYMBOLS: SORTED ALPHABETICALLY BY Name 

address    name
--------   ----
ffffffff   .text
003f6c48   C$$EXIT
003f6987   FS$$ADD
003f6a5c   FS$$MPY
003f6982   FS$$SUB
003f6b97   FS$$TOI
003f6b46   FS$$TOL
003f6bbc   I$$DIV
003f6bcd   I$$MOD
003f6c15   I$$TOFS
003f6c93   U$$DIV
003f6c98   U$$MOD
003f6c83   U$$TOFS
003f68fa   _ADCINT1_ISR
003f68f5   _ADCINT2_ISR
003f68f0   _ADCINT3_ISR
003f68eb   _ADCINT4_ISR
003f68e6   _ADCINT5_ISR
003f68e1   _ADCINT6_ISR
003f68dc   _ADCINT7_ISR
003f68d7   _ADCINT8_ISR
003f68d2   _ADCINT9_ISR
00008800   _AVR_bmp
003f6454   _AdcChanSelect
003f64ac   _AdcConversion
003f6594   _AdcOffsetSelfCal
00007100   _AdcRegs
00000b00   _AdcResult
00006400   _Comp1Regs
00006420   _Comp2Regs
003f6443   _ConfigAdc
003f6a37   _ConfigCpuTimer
000088d0   _CpuTimer0
00000c00   _CpuTimer0Regs
000088c0   _CpuTimer1
00000c08   _CpuTimer1Regs
000088c8   _CpuTimer2
00000c10   _CpuTimer2Regs
003f7ff8   _CsmPwl
00000ae0   _CsmRegs
003f66bb   _CsmUnlock
003f68cd   _DATALOG_ISR
003f6caf   _DSP28x_DisableInt
003f6cb3   _DSP28x_RestoreInt
0000801d   _DSP28x_usDelay
00000880   _DevEmuRegs
003f65f9   _DisableDog
003f68c8   _ECAP1_INT_ISR
00006a00   _ECap1Regs
003f68c3   _EMPTY_ISR
003f68be   _EMUINT_ISR
003f68b9   _EPWM1_INT_ISR
003f68b4   _EPWM1_TZINT_ISR
003f68af   _EPWM2_INT_ISR
003f68aa   _EPWM2_TZINT_ISR
003f68a5   _EPWM3_INT_ISR
003f68a0   _EPWM3_TZINT_ISR
003f689b   _EPWM4_INT_ISR
003f6896   _EPWM4_TZINT_ISR
00006800   _EPwm1Regs
00006840   _EPwm2Regs
00006880   _EPwm3Regs
000068c0   _EPwm4Regs
00000d01   _EmuBMode
00000d00   _EmuKey
003f6b8e   _EnableInterrupts
003f66a3   _ExtOscSel
00000a80   _FlashRegs
00000d04   _Flash_CPUScaleFactor
00000d02   _Flash_CallbackPtr
00006f80   _GpioCtrlRegs
00006fc0   _GpioDataRegs
00006fe0   _GpioIntRegs
003f6328   _HZK
003f6891   _I2CINT1A_ISR
003f688c   _I2CINT2A_ISR
00007900   _I2caRegs
003f6887   _ILLEGAL_ISR
003f6882   _INT13_ISR
003f687d   _INT14_ISR
003f6425   _InitAdc
003f63ff   _InitAdcAio
003f69fa   _InitCpuTimers
00008000   _InitFlash
003f6bfa   _InitGpio
003f6652   _InitPeripheralClocks
003f6b6f   _InitPieCtrl
003f6c72   _InitPieVectTable
003f6601   _InitPll
003f6bf9   _InitSci
003f6bde   _InitSciGpio
003f6bde   _InitSciaGpio
003f668b   _InitSysCtrl
003f65e9   _IntOsc1Sel
003f65d7   _IntOsc2Sel
003f676c   _LCD_char
003f6793   _LCD_clear
003f67d1   _LCD_draw_bmp_pixel
003f67a4   _LCD_init
003f6710   _LCD_set_XY
003f6787   _LCD_string
003f677d   _LCD_string2
003f66e9   _LCD_write_byte
003f671c   _LCD_write_chinese_string
003f6c61   _MemCopy
003f6878   _NMI_ISR
00007060   _NmiIntruptRegs
003f6873   _PIE_RESERVED
003d7fff   _PartIdRegs
00000ce0   _PieCtrlRegs
00000d00   _PieVectTable
003f6228   _PieVectTableInit
003f686e   _RTOSINT_ISR
003f63ff   _RamfuncsLoadEnd
003f63de   _RamfuncsLoadStart
00008000   _RamfuncsRunStart
003f6869   _SCIRXINTA_ISR
003f6864   _SCITXINTA_ISR
003f685f   _SPIRXINTA_ISR
003f685a   _SPITXINTA_ISR
00007050   _SciaRegs
003f65cd   _ServiceDog
00007040   _SpiaRegs
00007010   _SysCtrlRegs
00000985   _SysPwrCtrlRegs
003f6855   _TINT0_ISR
003f6850   _USER10_ISR
003f684b   _USER11_ISR
003f6846   _USER12_ISR
003f6841   _USER1_ISR
003f683c   _USER2_ISR
003f6837   _USER3_ISR
003f6832   _USER4_ISR
003f682d   _USER5_ISR
003f6828   _USER6_ISR
003f6823   _USER7_ISR
003f681e   _USER8_ISR
003f6819   _USER9_ISR
003f6814   _WAKEINT_ISR
003f680f   _XINT1_ISR
003f680a   _XINT2_ISR
003f6805   _XINT3_ISR
00007070   _XIntruptRegs
003f65b9   _XtalOscSel
00000350   __STACK_END
00000300   __STACK_SIZE
00000001   __TI_args_main
000088b6   ___TI_cleanup_ptr
000088b8   ___TI_dtors_ptr
ffffffff   ___binit__
ffffffff   ___c_args__
003f6cb6   ___cinit__
ffffffff   ___etext__
ffffffff   ___pinit__
ffffffff   ___text__
003f6c2f   __args_main
000088b4   __lock
003f6ca6   __nop
003f6ca2   __register_lock
003f6c9e   __register_unlock
00000050   __stack
000088b2   __unlock
003f6c48   _abort
003f6b02   _c_int00
003f6ab6   _cpu_timer0_isr
003f6c4a   _exit
00008894   _floatn
003f6000   _font6x8
0000889e   _inta
003f6946   _itoa
003f68ff   _main
003f6800   _rsvd_ISR
00008892   _str
000088a8   _test
00008890   _voltage
ffffffff   binit
003f6cb6   cinit
003f7ff6   code_start
ffffffff   etext
ffffffff   pinit


GLOBAL SYMBOLS: SORTED BY Symbol Address 

address    name
--------   ----
00000001   __TI_args_main
00000050   __stack
00000300   __STACK_SIZE
00000350   __STACK_END
00000880   _DevEmuRegs
00000985   _SysPwrCtrlRegs
00000a80   _FlashRegs
00000ae0   _CsmRegs
00000b00   _AdcResult
00000c00   _CpuTimer0Regs
00000c08   _CpuTimer1Regs
00000c10   _CpuTimer2Regs
00000ce0   _PieCtrlRegs
00000d00   _EmuKey
00000d00   _PieVectTable
00000d01   _EmuBMode
00000d02   _Flash_CallbackPtr
00000d04   _Flash_CPUScaleFactor
00006400   _Comp1Regs
00006420   _Comp2Regs
00006800   _EPwm1Regs
00006840   _EPwm2Regs
00006880   _EPwm3Regs
000068c0   _EPwm4Regs
00006a00   _ECap1Regs
00006f80   _GpioCtrlRegs
00006fc0   _GpioDataRegs
00006fe0   _GpioIntRegs
00007010   _SysCtrlRegs
00007040   _SpiaRegs
00007050   _SciaRegs
00007060   _NmiIntruptRegs
00007070   _XIntruptRegs
00007100   _AdcRegs
00007900   _I2caRegs
00008000   _InitFlash
00008000   _RamfuncsRunStart
0000801d   _DSP28x_usDelay
00008800   _AVR_bmp
00008890   _voltage
00008892   _str
00008894   _floatn
0000889e   _inta
000088a8   _test
000088b2   __unlock
000088b4   __lock
000088b6   ___TI_cleanup_ptr
000088b8   ___TI_dtors_ptr
000088c0   _CpuTimer1
000088c8   _CpuTimer2
000088d0   _CpuTimer0
003d7fff   _PartIdRegs
003f6000   _font6x8
003f6228   _PieVectTableInit
003f6328   _HZK
003f63de   _RamfuncsLoadStart
003f63ff   _InitAdcAio
003f63ff   _RamfuncsLoadEnd
003f6425   _InitAdc
003f6443   _ConfigAdc
003f6454   _AdcChanSelect
003f64ac   _AdcConversion
003f6594   _AdcOffsetSelfCal
003f65b9   _XtalOscSel
003f65cd   _ServiceDog
003f65d7   _IntOsc2Sel
003f65e9   _IntOsc1Sel
003f65f9   _DisableDog
003f6601   _InitPll
003f6652   _InitPeripheralClocks
003f668b   _InitSysCtrl
003f66a3   _ExtOscSel
003f66bb   _CsmUnlock
003f66e9   _LCD_write_byte
003f6710   _LCD_set_XY
003f671c   _LCD_write_chinese_string
003f676c   _LCD_char
003f677d   _LCD_string2
003f6787   _LCD_string
003f6793   _LCD_clear
003f67a4   _LCD_init
003f67d1   _LCD_draw_bmp_pixel
003f6800   _rsvd_ISR
003f6805   _XINT3_ISR
003f680a   _XINT2_ISR
003f680f   _XINT1_ISR
003f6814   _WAKEINT_ISR
003f6819   _USER9_ISR
003f681e   _USER8_ISR
003f6823   _USER7_ISR
003f6828   _USER6_ISR
003f682d   _USER5_ISR
003f6832   _USER4_ISR
003f6837   _USER3_ISR
003f683c   _USER2_ISR
003f6841   _USER1_ISR
003f6846   _USER12_ISR
003f684b   _USER11_ISR
003f6850   _USER10_ISR
003f6855   _TINT0_ISR
003f685a   _SPITXINTA_ISR
003f685f   _SPIRXINTA_ISR
003f6864   _SCITXINTA_ISR
003f6869   _SCIRXINTA_ISR
003f686e   _RTOSINT_ISR
003f6873   _PIE_RESERVED
003f6878   _NMI_ISR
003f687d   _INT14_ISR
003f6882   _INT13_ISR
003f6887   _ILLEGAL_ISR
003f688c   _I2CINT2A_ISR
003f6891   _I2CINT1A_ISR
003f6896   _EPWM4_TZINT_ISR
003f689b   _EPWM4_INT_ISR
003f68a0   _EPWM3_TZINT_ISR
003f68a5   _EPWM3_INT_ISR
003f68aa   _EPWM2_TZINT_ISR
003f68af   _EPWM2_INT_ISR
003f68b4   _EPWM1_TZINT_ISR
003f68b9   _EPWM1_INT_ISR
003f68be   _EMUINT_ISR
003f68c3   _EMPTY_ISR
003f68c8   _ECAP1_INT_ISR
003f68cd   _DATALOG_ISR
003f68d2   _ADCINT9_ISR
003f68d7   _ADCINT8_ISR
003f68dc   _ADCINT7_ISR
003f68e1   _ADCINT6_ISR
003f68e6   _ADCINT5_ISR
003f68eb   _ADCINT4_ISR
003f68f0   _ADCINT3_ISR
003f68f5   _ADCINT2_ISR
003f68fa   _ADCINT1_ISR
003f68ff   _main
003f6946   _itoa
003f6982   FS$$SUB
003f6987   FS$$ADD
003f69fa   _InitCpuTimers
003f6a37   _ConfigCpuTimer
003f6a5c   FS$$MPY
003f6ab6   _cpu_timer0_isr
003f6b02   _c_int00
003f6b46   FS$$TOL
003f6b6f   _InitPieCtrl
003f6b8e   _EnableInterrupts
003f6b97   FS$$TOI
003f6bbc   I$$DIV
003f6bcd   I$$MOD
003f6bde   _InitSciGpio
003f6bde   _InitSciaGpio
003f6bf9   _InitSci
003f6bfa   _InitGpio
003f6c15   I$$TOFS
003f6c2f   __args_main
003f6c48   C$$EXIT
003f6c48   _abort
003f6c4a   _exit
003f6c61   _MemCopy
003f6c72   _InitPieVectTable
003f6c83   U$$TOFS
003f6c93   U$$DIV
003f6c98   U$$MOD
003f6c9e   __register_unlock
003f6ca2   __register_lock
003f6ca6   __nop
003f6caf   _DSP28x_DisableInt
003f6cb3   _DSP28x_RestoreInt
003f6cb6   ___cinit__
003f6cb6   cinit
003f7ff6   code_start
003f7ff8   _CsmPwl
ffffffff   .text
ffffffff   ___binit__
ffffffff   ___c_args__
ffffffff   ___etext__
ffffffff   ___pinit__
ffffffff   ___text__
ffffffff   binit
ffffffff   etext
ffffffff   pinit

[180 symbols]
